// Jest Snapshot v1, https://goo.gl/fbAQLP

exports[`Page renders correctly 1`] = `
<div
  className="Page page-mock"
>
  <div
    className="Container undefined"
  >
    <div>
      Page
    </div>
  </div>
</div>
`;
