// Jest Snapshot v1, https://goo.gl/fbAQLP

exports[`Container renders correctly 1`] = `
<div
  className="Container container-classname"
>
  <p>
    Hello world!
  </p>
</div>
`;
