// Jest Snapshot v1, https://goo.gl/fbAQLP

exports[`Footer renders correctly 1`] = `
<footer
  className="Footer"
>
  <small>
    Â©
    2020
     Cindy Kim
  </small>
   |
   
  <small>
    Created by
     
    <a
      href="http://iamryanlee.com"
      rel="noopener noreferrer"
      target="_blank"
    >
      Ryan Lee
    </a>
  </small>
</footer>
`;
