// Jest Snapshot v1, https://goo.gl/fbAQLP

exports[`LayoutMain renders correctly 1`] = `
<div
  className="LayoutMain layoutMain-mock"
>
  <div>
    LayoutMain
  </div>
</div>
`;
