// Jest Snapshot v1, https://goo.gl/fbAQLP

exports[`LayoutRoot renders correctly 1`] = `
<div
  className="LayoutRoot layoutRoot-mock"
>
  <div>
    LayoutRoot
  </div>
</div>
`;
