// Jest Snapshot v1, https://goo.gl/fbAQLP

exports[`SubmitButton renders correctly 1`] = `
<button
  className="Button SubmitButton"
  disabled={false}
  type="submit"
/>
`;
